Macintosh:Desktop carriethurnau$ mkdir GitHubRepoAssignment
Macintosh:Desktop carriethurnau$ ls
CodingDojo			GitHubRepoAssignment
DojoAssignments			gittest
Favorites			terminalCommandsEx1 copy.txt
Git user name
Macintosh:Desktop carriethurnau$ cd GitHubRepoAssignment/
Macintosh:GitHubRepoAssignment carriethurnau$ pwd
/Users/carriethurnau/Desktop/GitHubRepoAssignment
Macintosh:GitHubRepoAssignment carriethurnau$ git init
Initialized empty Git repository in /Users/carriethurnau/Desktop/GitHubRepoAssignment/.git/
Macintosh:GitHubRepoAssignment carriethurnau$ ls
readme.txt
Macintosh:GitHubRepoAssignment carriethurnau$ git status
On branch master

Initial commit

Untracked files:
  (use "git add <file>..." to include in what will be committed)

	readme.txt

nothing added to commit but untracked files present (use "git add" to track)
Macintosh:GitHubRepoAssignment carriethurnau$ git add .
Macintosh:GitHubRepoAssignment carriethurnau$ git commit -m "first commit. added readme.txt"
[master (root-commit) fca7bc0] first commit. added readme.txt
 1 file changed, 3 insertions(+)
 create mode 100644 readme.txt
Macintosh:GitHubRepoAssignment carriethurnau$ git status
On branch master
nothing to commit, working tree clean
Macintosh:GitHubRepoAssignment carriethurnau$ git remote add origin https://github.com/CThurnauSWEng/GitHubRepoAssignment.git
Macintosh:GitHubRepoAssignment carriethurnau$ git push -u origin master
Username for 'https://github.com': CThurnauSWEng
Password for 'https://CThurnauSWEng@github.com': 
Counting objects: 3, done.
Delta compression using up to 8 threads.
Compressing objects: 100% (2/2), done.
Writing objects: 100% (3/3), 292 bytes | 0 bytes/s, done.
Total 3 (delta 0), reused 0 (delta 0)
To https://github.com/CThurnauSWEng/GitHubRepoAssignment.git
 * [new branch]      master -> master
Branch master set up to track remote branch master from origin.
Macintosh:GitHubRepoAssignment carriethurnau$ 